<?xml version="1.0"?>
<testsuites>
  <testsuite name="PhantomJS 1.9.7 (Mac OS X)" package="" timestamp="2014-10-28T15:07:19" id="0" hostname="usegivesall-lm" tests="39" errors="0" failures="1" time="16.949">
    <properties>
      <property name="browser.fullName" value="Mozilla/5.0 (Macintosh; Intel Mac OS X) AppleWebKit/534.34 (KHTML, like Gecko) PhantomJS/1.9.7 Safari/534.34"/>
    </properties>
    <testcase name="2 Levels of hierarchy" time="0.02" classname="PhantomJS 1.9.7 (Mac OS X).Utils_hasManyWithHierarchy"/>
    <testcase name="3 Levels of hierarchy" time="0.016" classname="PhantomJS 1.9.7 (Mac OS X).Utils_hasManyWithHierarchy"/>
    <testcase name="Utils.addToHierarchy" time="0.016" classname="PhantomJS 1.9.7 (Mac OS X).Utils_hasManyWithHierarchy"/>
    <testcase name="sort - descending on varb and ascending on vara" time="0.887" classname="PhantomJS 1.9.7 (Mac OS X).array-modifier"/>
    <testcase name="search - on varb with &apos;test_1&apos;" time="2.154" classname="PhantomJS 1.9.7 (Mac OS X).array-modifier"/>
    <testcase name="filter - on varb with tags &apos;test_2&apos; and &apos;test_4&apos;" time="1.652" classname="PhantomJS 1.9.7 (Mac OS X).array-modifier"/>
    <testcase name="Timer - Sanity Test" time="1.525" classname="PhantomJS 1.9.7 (Mac OS X).timer_js">
      <failure type="">timerCallback was called at the right intervals

</failure>
    </testcase>
    <testcase name="Timer - Different period." time="2.517" classname="PhantomJS 1.9.7 (Mac OS X).timer_js"/>
    <testcase name="Async Que - Sanity test" time="0.521" classname="PhantomJS 1.9.7 (Mac OS X).timer_js"/>
    <testcase name="test async que with same keys" time="0.482" classname="PhantomJS 1.9.7 (Mac OS X).timer_js"/>
    <testcase name="test async que with different keys" time="0.22" classname="PhantomJS 1.9.7 (Mac OS X).timer_js"/>
    <testcase name="Create Record" time="0.206" classname="PhantomJS 1.9.7 (Mac OS X).crud-adaptor"/>
    <testcase name="Create Record on existing id" time="0.296" classname="PhantomJS 1.9.7 (Mac OS X).crud-adaptor"/>
    <testcase name="Create Record with 500 server error status" time="0.23" classname="PhantomJS 1.9.7 (Mac OS X).crud-adaptor"/>
    <testcase name="Create Record with 404 server error status" time="0.238" classname="PhantomJS 1.9.7 (Mac OS X).crud-adaptor"/>
    <testcase name="Create Record with processing error on server" time="0.235" classname="PhantomJS 1.9.7 (Mac OS X).crud-adaptor"/>
    <testcase name="Create Record with hasMany" time="0.244" classname="PhantomJS 1.9.7 (Mac OS X).crud-adaptor"/>
    <testcase name="Create Record with hasMany, server error" time="0.274" classname="PhantomJS 1.9.7 (Mac OS X).crud-adaptor"/>
    <testcase name="Create Record with hasMany, server processing error" time="0.271" classname="PhantomJS 1.9.7 (Mac OS X).crud-adaptor"/>
    <testcase name="Update Record" time="0.306" classname="PhantomJS 1.9.7 (Mac OS X).crud-adaptor"/>
    <testcase name="Update Record with server error" time="0.327" classname="PhantomJS 1.9.7 (Mac OS X).crud-adaptor"/>
    <testcase name="Update Record with server error" time="0.315" classname="PhantomJS 1.9.7 (Mac OS X).crud-adaptor"/>
    <testcase name="Update Record with hasMany" time="0.32" classname="PhantomJS 1.9.7 (Mac OS X).crud-adaptor"/>
    <testcase name="Update Record with hasMany, server error" time="0.331" classname="PhantomJS 1.9.7 (Mac OS X).crud-adaptor"/>
    <testcase name="Update Record with hasMany, server process error" time="0.338" classname="PhantomJS 1.9.7 (Mac OS X).crud-adaptor"/>
    <testcase name="Delete Record with server error." time="0.324" classname="PhantomJS 1.9.7 (Mac OS X).crud-adaptor"/>
    <testcase name="Delete Record with server process error." time="0.325" classname="PhantomJS 1.9.7 (Mac OS X).crud-adaptor"/>
    <testcase name="Delete Record with hasMany, server error" time="0.333" classname="PhantomJS 1.9.7 (Mac OS X).crud-adaptor"/>
    <testcase name="Delete Record with hasMany, server process error" time="0.328" classname="PhantomJS 1.9.7 (Mac OS X).crud-adaptor"/>
    <testcase name="Sanity Test" time="0.04" classname="PhantomJS 1.9.7 (Mac OS X).column-data"/>
    <testcase name="Validation tests - simple" time="0.039" classname="PhantomJS 1.9.7 (Mac OS X).column-data"/>
    <testcase name="Validation tests - can be empty" time="0.038" classname="PhantomJS 1.9.7 (Mac OS X).column-data"/>
    <testcase name="Validation tests - csv" time="0.061" classname="PhantomJS 1.9.7 (Mac OS X).column-data"/>
    <testcase name="Validation tests - number" time="0.038" classname="PhantomJS 1.9.7 (Mac OS X).column-data"/>
    <testcase name="Validation tests - array duplicate check" time="0.039" classname="PhantomJS 1.9.7 (Mac OS X).column-data"/>
    <testcase name="Validation tests - array empty/not empty" time="0.038" classname="PhantomJS 1.9.7 (Mac OS X).column-data"/>
    <testcase name="Sanity Test" time="0.043" classname="PhantomJS 1.9.7 (Mac OS X).alerts"/>
    <testcase name="Clicking on close button" time="0.068" classname="PhantomJS 1.9.7 (Mac OS X).alerts"/>
    <testcase name="Auto collapse after message change" time="1.294" classname="PhantomJS 1.9.7 (Mac OS X).alerts"/>
    <system-out><![CDATA[PhantomJS 1.9.7 (Mac OS X) DEBUG: 'DEBUG: -------------------------------'
,PhantomJS 1.9.7 (Mac OS X) DEBUG: 'DEBUG: Ember      : 1.8.0-beta.1'
,PhantomJS 1.9.7 (Mac OS X) DEBUG: 'DEBUG: Ember Data : 1.0.0-beta.9'
,PhantomJS 1.9.7 (Mac OS X) DEBUG: 'DEBUG: Handlebars : 1.1.2'
,PhantomJS 1.9.7 (Mac OS X) DEBUG: 'DEBUG: jQuery     : 2.1.1'
,PhantomJS 1.9.7 (Mac OS X) DEBUG: 'DEBUG: -------------------------------'

]]></system-out>
    <system-err/>
  </testsuite>
</testsuites>
